// Jest Snapshot v1, https://goo.gl/fbAQLP

exports[`[Event Test] overAll index 1`] = `[Function]`;
